2026-09-09 01:22:09 | INFO     | main:9 | Initializing Chandrayaan-2 TMC-2/OHRC Correspondence Pipeline
2026-09-09 01:22:09 | INFO     | loader:25 | Loaded configuration from config/local.yaml
2026-09-09 01:22:09 | WARNING  | loader:36 | Hugging Face token not found in environment variable: HF_TOKEN
2026-09-09 01:22:09 | INFO     | dataset_loader:19 | Attempting to load pair_01 from Hugging Face...
2026-09-09 01:22:09 | WARNING  | dataset_loader:87 | huggingface loader failed for pair_01: Hugging Face dataset not accessible or internet disconnected.
2026-09-09 01:22:09 | INFO     | dataset_loader:28 | Attempting to load pair_01 locally from ./data/local...
2026-09-09 01:22:09 | INFO     | dataset_loader:38 | Loaded pair_01 successfully from local storage.
2026-09-09 01:22:09 | INFO     | main:20 | Loaded 1 pairs successfully.
2026-09-09 01:22:09 | INFO     | pipeline:9 | --- Processing Pair: pair_01 ---
2026-09-09 01:22:09 | INFO     | pipeline:38 | Computing geographic footprint intersection...
2026-09-09 01:22:09 | INFO     | pipeline:43 | Normalizing illumination for TMC-2 and OHRC independently...
2026-09-09 01:22:09 | INFO     | pipeline:34 | Successfully processed pair_01
2026-09-09 01:22:46 | INFO     | main:9 | Initializing Chandrayaan-2 TMC-2/OHRC Correspondence Pipeline
2026-09-09 01:22:46 | INFO     | loader:25 | Loaded configuration from config/local.yaml
2026-09-09 01:22:46 | WARNING  | loader:36 | Hugging Face token not found in environment variable: HF_TOKEN
2026-09-09 01:22:46 | INFO     | dataset_loader:19 | Attempting to load pair_01 from Hugging Face...
2026-09-09 01:22:46 | WARNING  | dataset_loader:87 | huggingface loader failed for pair_01: Hugging Face dataset not accessible or internet disconnected.
2026-09-09 01:22:46 | INFO     | dataset_loader:28 | Attempting to load pair_01 locally from ./data/local...
2026-09-09 01:22:46 | INFO     | dataset_loader:38 | Loaded pair_01 successfully from local storage.
2026-09-09 01:22:46 | INFO     | main:20 | Loaded 1 pairs successfully.
2026-09-09 01:22:46 | INFO     | pipeline:17 | --- Processing Pair: pair_01 ---
2026-09-09 01:22:46 | INFO     | pipeline:65 | Computing geographic footprint intersection...
2026-09-09 01:22:46 | INFO     | pipeline:70 | Normalizing illumination and generating structure representations...
2026-09-09 01:22:46 | INFO     | pipeline:84 | Performing multi-scale matching and geometric verification...
2026-09-09 01:22:46 | INFO     | pipeline:116 | Estimating transformation and warping images...
2026-09-09 01:22:46 | INFO     | pipeline:127 | Calculating evaluation metrics...
2026-09-09 01:22:46 | INFO     | pipeline:154 | Generating evaluation visualizations...
2026-09-09 01:22:46 | INFO     | pipeline:46 | Successfully processed pair_01. Outputs saved to outputs\pair_01
2026-09-09 02:37:39 | INFO     | main:9 | Initializing Chandrayaan-2 TMC-2/OHRC Correspondence Pipeline
2026-09-09 02:37:39 | INFO     | loader:25 | Loaded configuration from config/local.yaml
2026-09-09 02:37:39 | WARNING  | loader:36 | Hugging Face token not found in environment variable: HF_TOKEN
2026-09-09 02:37:39 | INFO     | dataset_loader:19 | Attempting to load pair_01 from Hugging Face...
2026-09-09 02:37:39 | WARNING  | dataset_loader:96 | huggingface loader failed for pair_01: Hugging Face dataset not accessible or internet disconnected.
2026-09-09 02:37:39 | INFO     | dataset_loader:28 | Attempting to load pair_01 locally from ./dataset/triplet_1...
2026-09-09 02:37:39 | INFO     | dataset_loader:43 | Loaded pair_01 successfully from local storage.
2026-09-09 02:37:39 | INFO     | dataset_loader:46 | Parsing actual XML metadata...
2026-09-09 02:37:39 | INFO     | metadata:16 | Parsing PDS4 XML metadata: ch2_tmc_ncf_20250807T1904346039_d_img_d18.xml
2026-09-09 02:37:39 | INFO     | metadata:61 | Extracted metadata from ch2_tmc_ncf_20250807T1904346039_d_img_d18.xml: 295234x4000, GSD: 5.4m
2026-09-09 02:37:39 | INFO     | metadata:16 | Parsing PDS4 XML metadata: ch2_ohr_ncp_20210405T1606536730_d_img_d18.xml
2026-09-09 02:37:39 | INFO     | metadata:61 | Extracted metadata from ch2_ohr_ncp_20210405T1606536730_d_img_d18.xml: 93693x12000, GSD: 0.25m
2026-09-09 02:37:39 | INFO     | main:20 | Loaded 1 pairs successfully.
2026-09-09 02:37:39 | INFO     | pipeline:17 | --- Processing Pair: pair_01 ---
2026-09-09 02:37:39 | INFO     | pipeline:65 | Computing geographic footprint intersection...
2026-09-09 02:37:39 | INFO     | pipeline:70 | Normalizing illumination and generating structure representations...
2026-09-09 02:37:39 | INFO     | pipeline:84 | Performing multi-scale matching and geometric verification...
2026-09-09 02:37:39 | INFO     | pipeline:116 | Estimating transformation and warping images...
2026-09-09 02:37:39 | INFO     | pipeline:127 | Calculating evaluation metrics...
2026-09-09 02:37:39 | INFO     | pipeline:154 | Generating evaluation visualizations...
2026-09-09 02:37:39 | INFO     | pipeline:46 | Successfully processed pair_01. Outputs saved to outputs\pair_01
